// Jest Snapshot v1, https://goo.gl/fbAQLP

exports[`FavoriteCurrencies Component should match the snapshot 1`] = `
ShallowWrapper {
  Symbol(enzyme.__root__): [Circular],
  Symbol(enzyme.__unrendered__): <FavoriteCurrencies
    addToFavorites={[MockFunction]}
    favorite={
      Object {
        "name": "Some Coin",
        "percent_change": 1,
        "price": 0,
      }
    }
    removeFromFavorites={[MockFunction]}
  />,
  Symbol(enzyme.__renderer__): Object {
    "batchedUpdates": [Function],
    "getNode": [Function],
    "render": [Function],
    "simulateError": [Function],
    "simulateEvent": [Function],
    "unmount": [Function],
  },
  Symbol(enzyme.__node__): Object {
    "instance": null,
    "key": undefined,
    "nodeType": "host",
    "props": Object {
      "children": Array [
        <div
          className="bubbles bubbles-left"
        >
          <div
            className="speed-up-3"
          />
          <div
            className="speed-up-3"
          />
          <div
            className="speed-up-3"
          />
        </div>,
        <p
          className="fave-name"
        >
          Some Coin
        </p>,
        <p
          className="fave-price"
        >
          $
          0
        </p>,
        <div
          className="bubbles bubbles-right"
        >
          <div
            className="speed-up-3"
          />
          <div
            className="speed-up-3"
          />
          <div
            className="speed-up-3"
          />
        </div>,
        <div
          className="price-progress"
        >
          <p>
            +
            $
            0
             
            (
            1
            % 
            <img
              className="arrow"
              src="green.svg"
            />
            )
          </p>
        </div>,
      ],
      "className": "fave-currency",
    },
    "ref": null,
    "rendered": Array [
      Object {
        "instance": null,
        "key": undefined,
        "nodeType": "host",
        "props": Object {
          "children": Array [
            <div
              className="speed-up-3"
            />,
            <div
              className="speed-up-3"
            />,
            <div
              className="speed-up-3"
            />,
          ],
          "className": "bubbles bubbles-left",
        },
        "ref": null,
        "rendered": Array [
          Object {
            "instance": null,
            "key": undefined,
            "nodeType": "host",
            "props": Object {
              "className": "speed-up-3",
            },
            "ref": null,
            "rendered": null,
            "type": "div",
          },
          Object {
            "instance": null,
            "key": undefined,
            "nodeType": "host",
            "props": Object {
              "className": "speed-up-3",
            },
            "ref": null,
            "rendered": null,
            "type": "div",
          },
          Object {
            "instance": null,
            "key": undefined,
            "nodeType": "host",
            "props": Object {
              "className": "speed-up-3",
            },
            "ref": null,
            "rendered": null,
            "type": "div",
          },
        ],
        "type": "div",
      },
      Object {
        "instance": null,
        "key": undefined,
        "nodeType": "host",
        "props": Object {
          "children": "Some Coin",
          "className": "fave-name",
        },
        "ref": null,
        "rendered": "Some Coin",
        "type": "p",
      },
      Object {
        "instance": null,
        "key": undefined,
        "nodeType": "host",
        "props": Object {
          "children": Array [
            "$",
            0,
          ],
          "className": "fave-price",
        },
        "ref": null,
        "rendered": Array [
          "$",
          0,
        ],
        "type": "p",
      },
      Object {
        "instance": null,
        "key": undefined,
        "nodeType": "host",
        "props": Object {
          "children": Array [
            <div
              className="speed-up-3"
            />,
            <div
              className="speed-up-3"
            />,
            <div
              className="speed-up-3"
            />,
          ],
          "className": "bubbles bubbles-right",
        },
        "ref": null,
        "rendered": Array [
          Object {
            "instance": null,
            "key": undefined,
            "nodeType": "host",
            "props": Object {
              "className": "speed-up-3",
            },
            "ref": null,
            "rendered": null,
            "type": "div",
          },
          Object {
            "instance": null,
            "key": undefined,
            "nodeType": "host",
            "props": Object {
              "className": "speed-up-3",
            },
            "ref": null,
            "rendered": null,
            "type": "div",
          },
          Object {
            "instance": null,
            "key": undefined,
            "nodeType": "host",
            "props": Object {
              "className": "speed-up-3",
            },
            "ref": null,
            "rendered": null,
            "type": "div",
          },
        ],
        "type": "div",
      },
      Object {
        "instance": null,
        "key": undefined,
        "nodeType": "host",
        "props": Object {
          "children": <p>
            +
            $
            0
             
            (
            1
            % 
            <img
              className="arrow"
              src="green.svg"
            />
            )
          </p>,
          "className": "price-progress",
        },
        "ref": null,
        "rendered": Object {
          "instance": null,
          "key": undefined,
          "nodeType": "host",
          "props": Object {
            "children": Array [
              "+",
              "$",
              0,
              " ",
              "(",
              1,
              "% ",
              <img
                className="arrow"
                src="green.svg"
              />,
              ")",
            ],
          },
          "ref": null,
          "rendered": Array [
            "+",
            "$",
            0,
            " ",
            "(",
            1,
            "% ",
            Object {
              "instance": null,
              "key": undefined,
              "nodeType": "host",
              "props": Object {
                "className": "arrow",
                "src": "green.svg",
              },
              "ref": null,
              "rendered": null,
              "type": "img",
            },
            ")",
          ],
          "type": "p",
        },
        "type": "div",
      },
    ],
    "type": "div",
  },
  Symbol(enzyme.__nodes__): Array [
    Object {
      "instance": null,
      "key": undefined,
      "nodeType": "host",
      "props": Object {
        "children": Array [
          <div
            className="bubbles bubbles-left"
          >
            <div
              className="speed-up-3"
            />
            <div
              className="speed-up-3"
            />
            <div
              className="speed-up-3"
            />
          </div>,
          <p
            className="fave-name"
          >
            Some Coin
          </p>,
          <p
            className="fave-price"
          >
            $
            0
          </p>,
          <div
            className="bubbles bubbles-right"
          >
            <div
              className="speed-up-3"
            />
            <div
              className="speed-up-3"
            />
            <div
              className="speed-up-3"
            />
          </div>,
          <div
            className="price-progress"
          >
            <p>
              +
              $
              0
               
              (
              1
              % 
              <img
                className="arrow"
                src="green.svg"
              />
              )
            </p>
          </div>,
        ],
        "className": "fave-currency",
      },
      "ref": null,
      "rendered": Array [
        Object {
          "instance": null,
          "key": undefined,
          "nodeType": "host",
          "props": Object {
            "children": Array [
              <div
                className="speed-up-3"
              />,
              <div
                className="speed-up-3"
              />,
              <div
                className="speed-up-3"
              />,
            ],
            "className": "bubbles bubbles-left",
          },
          "ref": null,
          "rendered": Array [
            Object {
              "instance": null,
              "key": undefined,
              "nodeType": "host",
              "props": Object {
                "className": "speed-up-3",
              },
              "ref": null,
              "rendered": null,
              "type": "div",
            },
            Object {
              "instance": null,
              "key": undefined,
              "nodeType": "host",
              "props": Object {
                "className": "speed-up-3",
              },
              "ref": null,
              "rendered": null,
              "type": "div",
            },
            Object {
              "instance": null,
              "key": undefined,
              "nodeType": "host",
              "props": Object {
                "className": "speed-up-3",
              },
              "ref": null,
              "rendered": null,
              "type": "div",
            },
          ],
          "type": "div",
        },
        Object {
          "instance": null,
          "key": undefined,
          "nodeType": "host",
          "props": Object {
            "children": "Some Coin",
            "className": "fave-name",
          },
          "ref": null,
          "rendered": "Some Coin",
          "type": "p",
        },
        Object {
          "instance": null,
          "key": undefined,
          "nodeType": "host",
          "props": Object {
            "children": Array [
              "$",
              0,
            ],
            "className": "fave-price",
          },
          "ref": null,
          "rendered": Array [
            "$",
            0,
          ],
          "type": "p",
        },
        Object {
          "instance": null,
          "key": undefined,
          "nodeType": "host",
          "props": Object {
            "children": Array [
              <div
                className="speed-up-3"
              />,
              <div
                className="speed-up-3"
              />,
              <div
                className="speed-up-3"
              />,
            ],
            "className": "bubbles bubbles-right",
          },
          "ref": null,
          "rendered": Array [
            Object {
              "instance": null,
              "key": undefined,
              "nodeType": "host",
              "props": Object {
                "className": "speed-up-3",
              },
              "ref": null,
              "rendered": null,
              "type": "div",
            },
            Object {
              "instance": null,
              "key": undefined,
              "nodeType": "host",
              "props": Object {
                "className": "speed-up-3",
              },
              "ref": null,
              "rendered": null,
              "type": "div",
            },
            Object {
              "instance": null,
              "key": undefined,
              "nodeType": "host",
              "props": Object {
                "className": "speed-up-3",
              },
              "ref": null,
              "rendered": null,
              "type": "div",
            },
          ],
          "type": "div",
        },
        Object {
          "instance": null,
          "key": undefined,
          "nodeType": "host",
          "props": Object {
            "children": <p>
              +
              $
              0
               
              (
              1
              % 
              <img
                className="arrow"
                src="green.svg"
              />
              )
            </p>,
            "className": "price-progress",
          },
          "ref": null,
          "rendered": Object {
            "instance": null,
            "key": undefined,
            "nodeType": "host",
            "props": Object {
              "children": Array [
                "+",
                "$",
                0,
                " ",
                "(",
                1,
                "% ",
                <img
                  className="arrow"
                  src="green.svg"
                />,
                ")",
              ],
            },
            "ref": null,
            "rendered": Array [
              "+",
              "$",
              0,
              " ",
              "(",
              1,
              "% ",
              Object {
                "instance": null,
                "key": undefined,
                "nodeType": "host",
                "props": Object {
                  "className": "arrow",
                  "src": "green.svg",
                },
                "ref": null,
                "rendered": null,
                "type": "img",
              },
              ")",
            ],
            "type": "p",
          },
          "type": "div",
        },
      ],
      "type": "div",
    },
  ],
  Symbol(enzyme.__options__): Object {
    "adapter": ReactSixteenAdapter {
      "options": Object {
        "enableComponentDidUpdateOnSetState": true,
        "lifecycles": Object {
          "componentDidUpdate": Object {
            "onSetState": true,
          },
          "getDerivedStateFromProps": true,
          "getSnapshotBeforeUpdate": true,
          "setState": Object {
            "skipsComponentDidUpdateOnNullish": true,
          },
        },
      },
    },
  },
}
`;
