// Jest Snapshot v1, https://goo.gl/fbAQLP

exports[`LandingCurrencyContainer Component should match the snapshot 1`] = `
ShallowWrapper {
  Symbol(enzyme.__root__): [Circular],
  Symbol(enzyme.__unrendered__): <LandingCurrencyContainer
    abbrevCurrencies={
      Array [
        Object {
          "name": "Bitcoin",
          "percent_change": 0.83,
          "price": 3586.16,
          "rank": "1",
          "symbol": "BTC",
        },
        Object {
          "name": "XRP",
          "percent_change": 3.94,
          "price": 0.33,
          "rank": "2",
          "symbol": "XRP",
        },
        Object {
          "name": "Ethereum",
          "percent_change": 0.2,
          "price": 95.07,
          "rank": "3",
          "symbol": "ETH",
        },
        Object {
          "name": "EOS",
          "percent_change": 6.87,
          "price": 2.54,
          "rank": "4",
          "symbol": "EOS",
        },
        Object {
          "name": "Stellar",
          "percent_change": -0.58,
          "price": 0.11,
          "rank": "5",
          "symbol": "XLM",
        },
        Object {
          "name": "Tether",
          "percent_change": -0.37,
          "price": 1.02,
          "rank": "6",
          "symbol": "USDT",
        },
        Object {
          "name": "Bitcoin Cash",
          "percent_change": 12.32,
          "price": 100.65,
          "rank": "7",
          "symbol": "BCH",
        },
        Object {
          "name": "Litecoin",
          "percent_change": -1.97,
          "price": 28.99,
          "rank": "8",
          "symbol": "LTC",
        },
        Object {
          "name": "Bitcoin SV",
          "percent_change": -1.04,
          "price": 81.84,
          "rank": "9",
          "symbol": "BSV",
        },
        Object {
          "name": "TRON",
          "percent_change": 0.17,
          "price": 0.01,
          "rank": "10",
          "symbol": "TRX",
        },
      ]
    }
    addToFavorites={[MockFunction]}
    setFilter={[MockFunction]}
  />,
  Symbol(enzyme.__renderer__): Object {
    "batchedUpdates": [Function],
    "getNode": [Function],
    "render": [Function],
    "simulateError": [Function],
    "simulateEvent": [Function],
    "unmount": [Function],
  },
  Symbol(enzyme.__node__): Object {
    "instance": null,
    "key": undefined,
    "nodeType": "host",
    "props": Object {
      "children": <div
        className="currency-container"
      >
        <div
          className="sort"
        >
          <a
            className="rank-link"
            href="#"
            name="Rank"
            onClick={[Function]}
          >
            Rank
          </a>
          <a
            className="price-link"
            href="#"
            name="Price"
            onClick={[Function]}
          >
            Price
          </a>
          <a
            className="percent-change-link"
            href="#"
            name="%Change"
            onClick={[Function]}
          >
            %Change
          </a>
        </div>
        <LandingCurrency
          addToFavorites={[MockFunction]}
          currency={
            Object {
              "name": "Bitcoin",
              "percent_change": 0.83,
              "price": 3586.16,
              "rank": "1",
              "symbol": "BTC",
            }
          }
          index={0}
        />
        <LandingCurrency
          addToFavorites={[MockFunction]}
          currency={
            Object {
              "name": "XRP",
              "percent_change": 3.94,
              "price": 0.33,
              "rank": "2",
              "symbol": "XRP",
            }
          }
          index={1}
        />
        <LandingCurrency
          addToFavorites={[MockFunction]}
          currency={
            Object {
              "name": "Ethereum",
              "percent_change": 0.2,
              "price": 95.07,
              "rank": "3",
              "symbol": "ETH",
            }
          }
          index={2}
        />
        <LandingCurrency
          addToFavorites={[MockFunction]}
          currency={
            Object {
              "name": "EOS",
              "percent_change": 6.87,
              "price": 2.54,
              "rank": "4",
              "symbol": "EOS",
            }
          }
          index={3}
        />
        <LandingCurrency
          addToFavorites={[MockFunction]}
          currency={
            Object {
              "name": "Stellar",
              "percent_change": -0.58,
              "price": 0.11,
              "rank": "5",
              "symbol": "XLM",
            }
          }
          index={4}
        />
        <LandingCurrency
          addToFavorites={[MockFunction]}
          currency={
            Object {
              "name": "Tether",
              "percent_change": -0.37,
              "price": 1.02,
              "rank": "6",
              "symbol": "USDT",
            }
          }
          index={5}
        />
        <LandingCurrency
          addToFavorites={[MockFunction]}
          currency={
            Object {
              "name": "Bitcoin Cash",
              "percent_change": 12.32,
              "price": 100.65,
              "rank": "7",
              "symbol": "BCH",
            }
          }
          index={6}
        />
        <LandingCurrency
          addToFavorites={[MockFunction]}
          currency={
            Object {
              "name": "Litecoin",
              "percent_change": -1.97,
              "price": 28.99,
              "rank": "8",
              "symbol": "LTC",
            }
          }
          index={7}
        />
        <LandingCurrency
          addToFavorites={[MockFunction]}
          currency={
            Object {
              "name": "Bitcoin SV",
              "percent_change": -1.04,
              "price": 81.84,
              "rank": "9",
              "symbol": "BSV",
            }
          }
          index={8}
        />
        <LandingCurrency
          addToFavorites={[MockFunction]}
          currency={
            Object {
              "name": "TRON",
              "percent_change": 0.17,
              "price": 0.01,
              "rank": "10",
              "symbol": "TRX",
            }
          }
          index={9}
        />
      </div>,
      "className": "sort-box",
    },
    "ref": null,
    "rendered": Object {
      "instance": null,
      "key": undefined,
      "nodeType": "host",
      "props": Object {
        "children": Array [
          <div
            className="sort"
          >
            <a
              className="rank-link"
              href="#"
              name="Rank"
              onClick={[Function]}
            >
              Rank
            </a>
            <a
              className="price-link"
              href="#"
              name="Price"
              onClick={[Function]}
            >
              Price
            </a>
            <a
              className="percent-change-link"
              href="#"
              name="%Change"
              onClick={[Function]}
            >
              %Change
            </a>
          </div>,
          Array [
            <LandingCurrency
              addToFavorites={[MockFunction]}
              currency={
                Object {
                  "name": "Bitcoin",
                  "percent_change": 0.83,
                  "price": 3586.16,
                  "rank": "1",
                  "symbol": "BTC",
                }
              }
              index={0}
            />,
            <LandingCurrency
              addToFavorites={[MockFunction]}
              currency={
                Object {
                  "name": "XRP",
                  "percent_change": 3.94,
                  "price": 0.33,
                  "rank": "2",
                  "symbol": "XRP",
                }
              }
              index={1}
            />,
            <LandingCurrency
              addToFavorites={[MockFunction]}
              currency={
                Object {
                  "name": "Ethereum",
                  "percent_change": 0.2,
                  "price": 95.07,
                  "rank": "3",
                  "symbol": "ETH",
                }
              }
              index={2}
            />,
            <LandingCurrency
              addToFavorites={[MockFunction]}
              currency={
                Object {
                  "name": "EOS",
                  "percent_change": 6.87,
                  "price": 2.54,
                  "rank": "4",
                  "symbol": "EOS",
                }
              }
              index={3}
            />,
            <LandingCurrency
              addToFavorites={[MockFunction]}
              currency={
                Object {
                  "name": "Stellar",
                  "percent_change": -0.58,
                  "price": 0.11,
                  "rank": "5",
                  "symbol": "XLM",
                }
              }
              index={4}
            />,
            <LandingCurrency
              addToFavorites={[MockFunction]}
              currency={
                Object {
                  "name": "Tether",
                  "percent_change": -0.37,
                  "price": 1.02,
                  "rank": "6",
                  "symbol": "USDT",
                }
              }
              index={5}
            />,
            <LandingCurrency
              addToFavorites={[MockFunction]}
              currency={
                Object {
                  "name": "Bitcoin Cash",
                  "percent_change": 12.32,
                  "price": 100.65,
                  "rank": "7",
                  "symbol": "BCH",
                }
              }
              index={6}
            />,
            <LandingCurrency
              addToFavorites={[MockFunction]}
              currency={
                Object {
                  "name": "Litecoin",
                  "percent_change": -1.97,
                  "price": 28.99,
                  "rank": "8",
                  "symbol": "LTC",
                }
              }
              index={7}
            />,
            <LandingCurrency
              addToFavorites={[MockFunction]}
              currency={
                Object {
                  "name": "Bitcoin SV",
                  "percent_change": -1.04,
                  "price": 81.84,
                  "rank": "9",
                  "symbol": "BSV",
                }
              }
              index={8}
            />,
            <LandingCurrency
              addToFavorites={[MockFunction]}
              currency={
                Object {
                  "name": "TRON",
                  "percent_change": 0.17,
                  "price": 0.01,
                  "rank": "10",
                  "symbol": "TRX",
                }
              }
              index={9}
            />,
          ],
        ],
        "className": "currency-container",
      },
      "ref": null,
      "rendered": Array [
        Object {
          "instance": null,
          "key": undefined,
          "nodeType": "host",
          "props": Object {
            "children": Array [
              <a
                className="rank-link"
                href="#"
                name="Rank"
                onClick={[Function]}
              >
                Rank
              </a>,
              <a
                className="price-link"
                href="#"
                name="Price"
                onClick={[Function]}
              >
                Price
              </a>,
              <a
                className="percent-change-link"
                href="#"
                name="%Change"
                onClick={[Function]}
              >
                %Change
              </a>,
            ],
            "className": "sort",
          },
          "ref": null,
          "rendered": Array [
            Object {
              "instance": null,
              "key": undefined,
              "nodeType": "host",
              "props": Object {
                "children": "Rank",
                "className": "rank-link",
                "href": "#",
                "name": "Rank",
                "onClick": [Function],
              },
              "ref": null,
              "rendered": "Rank",
              "type": "a",
            },
            Object {
              "instance": null,
              "key": undefined,
              "nodeType": "host",
              "props": Object {
                "children": "Price",
                "className": "price-link",
                "href": "#",
                "name": "Price",
                "onClick": [Function],
              },
              "ref": null,
              "rendered": "Price",
              "type": "a",
            },
            Object {
              "instance": null,
              "key": undefined,
              "nodeType": "host",
              "props": Object {
                "children": "%Change",
                "className": "percent-change-link",
                "href": "#",
                "name": "%Change",
                "onClick": [Function],
              },
              "ref": null,
              "rendered": "%Change",
              "type": "a",
            },
          ],
          "type": "div",
        },
        Object {
          "instance": null,
          "key": "0",
          "nodeType": "class",
          "props": Object {
            "addToFavorites": [MockFunction],
            "currency": Object {
              "name": "Bitcoin",
              "percent_change": 0.83,
              "price": 3586.16,
              "rank": "1",
              "symbol": "BTC",
            },
            "index": 0,
          },
          "ref": null,
          "rendered": null,
          "type": [Function],
        },
        Object {
          "instance": null,
          "key": "1",
          "nodeType": "class",
          "props": Object {
            "addToFavorites": [MockFunction],
            "currency": Object {
              "name": "XRP",
              "percent_change": 3.94,
              "price": 0.33,
              "rank": "2",
              "symbol": "XRP",
            },
            "index": 1,
          },
          "ref": null,
          "rendered": null,
          "type": [Function],
        },
        Object {
          "instance": null,
          "key": "2",
          "nodeType": "class",
          "props": Object {
            "addToFavorites": [MockFunction],
            "currency": Object {
              "name": "Ethereum",
              "percent_change": 0.2,
              "price": 95.07,
              "rank": "3",
              "symbol": "ETH",
            },
            "index": 2,
          },
          "ref": null,
          "rendered": null,
          "type": [Function],
        },
        Object {
          "instance": null,
          "key": "3",
          "nodeType": "class",
          "props": Object {
            "addToFavorites": [MockFunction],
            "currency": Object {
              "name": "EOS",
              "percent_change": 6.87,
              "price": 2.54,
              "rank": "4",
              "symbol": "EOS",
            },
            "index": 3,
          },
          "ref": null,
          "rendered": null,
          "type": [Function],
        },
        Object {
          "instance": null,
          "key": "4",
          "nodeType": "class",
          "props": Object {
            "addToFavorites": [MockFunction],
            "currency": Object {
              "name": "Stellar",
              "percent_change": -0.58,
              "price": 0.11,
              "rank": "5",
              "symbol": "XLM",
            },
            "index": 4,
          },
          "ref": null,
          "rendered": null,
          "type": [Function],
        },
        Object {
          "instance": null,
          "key": "5",
          "nodeType": "class",
          "props": Object {
            "addToFavorites": [MockFunction],
            "currency": Object {
              "name": "Tether",
              "percent_change": -0.37,
              "price": 1.02,
              "rank": "6",
              "symbol": "USDT",
            },
            "index": 5,
          },
          "ref": null,
          "rendered": null,
          "type": [Function],
        },
        Object {
          "instance": null,
          "key": "6",
          "nodeType": "class",
          "props": Object {
            "addToFavorites": [MockFunction],
            "currency": Object {
              "name": "Bitcoin Cash",
              "percent_change": 12.32,
              "price": 100.65,
              "rank": "7",
              "symbol": "BCH",
            },
            "index": 6,
          },
          "ref": null,
          "rendered": null,
          "type": [Function],
        },
        Object {
          "instance": null,
          "key": "7",
          "nodeType": "class",
          "props": Object {
            "addToFavorites": [MockFunction],
            "currency": Object {
              "name": "Litecoin",
              "percent_change": -1.97,
              "price": 28.99,
              "rank": "8",
              "symbol": "LTC",
            },
            "index": 7,
          },
          "ref": null,
          "rendered": null,
          "type": [Function],
        },
        Object {
          "instance": null,
          "key": "8",
          "nodeType": "class",
          "props": Object {
            "addToFavorites": [MockFunction],
            "currency": Object {
              "name": "Bitcoin SV",
              "percent_change": -1.04,
              "price": 81.84,
              "rank": "9",
              "symbol": "BSV",
            },
            "index": 8,
          },
          "ref": null,
          "rendered": null,
          "type": [Function],
        },
        Object {
          "instance": null,
          "key": "9",
          "nodeType": "class",
          "props": Object {
            "addToFavorites": [MockFunction],
            "currency": Object {
              "name": "TRON",
              "percent_change": 0.17,
              "price": 0.01,
              "rank": "10",
              "symbol": "TRX",
            },
            "index": 9,
          },
          "ref": null,
          "rendered": null,
          "type": [Function],
        },
      ],
      "type": "div",
    },
    "type": "div",
  },
  Symbol(enzyme.__nodes__): Array [
    Object {
      "instance": null,
      "key": undefined,
      "nodeType": "host",
      "props": Object {
        "children": <div
          className="currency-container"
        >
          <div
            className="sort"
          >
            <a
              className="rank-link"
              href="#"
              name="Rank"
              onClick={[Function]}
            >
              Rank
            </a>
            <a
              className="price-link"
              href="#"
              name="Price"
              onClick={[Function]}
            >
              Price
            </a>
            <a
              className="percent-change-link"
              href="#"
              name="%Change"
              onClick={[Function]}
            >
              %Change
            </a>
          </div>
          <LandingCurrency
            addToFavorites={[MockFunction]}
            currency={
              Object {
                "name": "Bitcoin",
                "percent_change": 0.83,
                "price": 3586.16,
                "rank": "1",
                "symbol": "BTC",
              }
            }
            index={0}
          />
          <LandingCurrency
            addToFavorites={[MockFunction]}
            currency={
              Object {
                "name": "XRP",
                "percent_change": 3.94,
                "price": 0.33,
                "rank": "2",
                "symbol": "XRP",
              }
            }
            index={1}
          />
          <LandingCurrency
            addToFavorites={[MockFunction]}
            currency={
              Object {
                "name": "Ethereum",
                "percent_change": 0.2,
                "price": 95.07,
                "rank": "3",
                "symbol": "ETH",
              }
            }
            index={2}
          />
          <LandingCurrency
            addToFavorites={[MockFunction]}
            currency={
              Object {
                "name": "EOS",
                "percent_change": 6.87,
                "price": 2.54,
                "rank": "4",
                "symbol": "EOS",
              }
            }
            index={3}
          />
          <LandingCurrency
            addToFavorites={[MockFunction]}
            currency={
              Object {
                "name": "Stellar",
                "percent_change": -0.58,
                "price": 0.11,
                "rank": "5",
                "symbol": "XLM",
              }
            }
            index={4}
          />
          <LandingCurrency
            addToFavorites={[MockFunction]}
            currency={
              Object {
                "name": "Tether",
                "percent_change": -0.37,
                "price": 1.02,
                "rank": "6",
                "symbol": "USDT",
              }
            }
            index={5}
          />
          <LandingCurrency
            addToFavorites={[MockFunction]}
            currency={
              Object {
                "name": "Bitcoin Cash",
                "percent_change": 12.32,
                "price": 100.65,
                "rank": "7",
                "symbol": "BCH",
              }
            }
            index={6}
          />
          <LandingCurrency
            addToFavorites={[MockFunction]}
            currency={
              Object {
                "name": "Litecoin",
                "percent_change": -1.97,
                "price": 28.99,
                "rank": "8",
                "symbol": "LTC",
              }
            }
            index={7}
          />
          <LandingCurrency
            addToFavorites={[MockFunction]}
            currency={
              Object {
                "name": "Bitcoin SV",
                "percent_change": -1.04,
                "price": 81.84,
                "rank": "9",
                "symbol": "BSV",
              }
            }
            index={8}
          />
          <LandingCurrency
            addToFavorites={[MockFunction]}
            currency={
              Object {
                "name": "TRON",
                "percent_change": 0.17,
                "price": 0.01,
                "rank": "10",
                "symbol": "TRX",
              }
            }
            index={9}
          />
        </div>,
        "className": "sort-box",
      },
      "ref": null,
      "rendered": Object {
        "instance": null,
        "key": undefined,
        "nodeType": "host",
        "props": Object {
          "children": Array [
            <div
              className="sort"
            >
              <a
                className="rank-link"
                href="#"
                name="Rank"
                onClick={[Function]}
              >
                Rank
              </a>
              <a
                className="price-link"
                href="#"
                name="Price"
                onClick={[Function]}
              >
                Price
              </a>
              <a
                className="percent-change-link"
                href="#"
                name="%Change"
                onClick={[Function]}
              >
                %Change
              </a>
            </div>,
            Array [
              <LandingCurrency
                addToFavorites={[MockFunction]}
                currency={
                  Object {
                    "name": "Bitcoin",
                    "percent_change": 0.83,
                    "price": 3586.16,
                    "rank": "1",
                    "symbol": "BTC",
                  }
                }
                index={0}
              />,
              <LandingCurrency
                addToFavorites={[MockFunction]}
                currency={
                  Object {
                    "name": "XRP",
                    "percent_change": 3.94,
                    "price": 0.33,
                    "rank": "2",
                    "symbol": "XRP",
                  }
                }
                index={1}
              />,
              <LandingCurrency
                addToFavorites={[MockFunction]}
                currency={
                  Object {
                    "name": "Ethereum",
                    "percent_change": 0.2,
                    "price": 95.07,
                    "rank": "3",
                    "symbol": "ETH",
                  }
                }
                index={2}
              />,
              <LandingCurrency
                addToFavorites={[MockFunction]}
                currency={
                  Object {
                    "name": "EOS",
                    "percent_change": 6.87,
                    "price": 2.54,
                    "rank": "4",
                    "symbol": "EOS",
                  }
                }
                index={3}
              />,
              <LandingCurrency
                addToFavorites={[MockFunction]}
                currency={
                  Object {
                    "name": "Stellar",
                    "percent_change": -0.58,
                    "price": 0.11,
                    "rank": "5",
                    "symbol": "XLM",
                  }
                }
                index={4}
              />,
              <LandingCurrency
                addToFavorites={[MockFunction]}
                currency={
                  Object {
                    "name": "Tether",
                    "percent_change": -0.37,
                    "price": 1.02,
                    "rank": "6",
                    "symbol": "USDT",
                  }
                }
                index={5}
              />,
              <LandingCurrency
                addToFavorites={[MockFunction]}
                currency={
                  Object {
                    "name": "Bitcoin Cash",
                    "percent_change": 12.32,
                    "price": 100.65,
                    "rank": "7",
                    "symbol": "BCH",
                  }
                }
                index={6}
              />,
              <LandingCurrency
                addToFavorites={[MockFunction]}
                currency={
                  Object {
                    "name": "Litecoin",
                    "percent_change": -1.97,
                    "price": 28.99,
                    "rank": "8",
                    "symbol": "LTC",
                  }
                }
                index={7}
              />,
              <LandingCurrency
                addToFavorites={[MockFunction]}
                currency={
                  Object {
                    "name": "Bitcoin SV",
                    "percent_change": -1.04,
                    "price": 81.84,
                    "rank": "9",
                    "symbol": "BSV",
                  }
                }
                index={8}
              />,
              <LandingCurrency
                addToFavorites={[MockFunction]}
                currency={
                  Object {
                    "name": "TRON",
                    "percent_change": 0.17,
                    "price": 0.01,
                    "rank": "10",
                    "symbol": "TRX",
                  }
                }
                index={9}
              />,
            ],
          ],
          "className": "currency-container",
        },
        "ref": null,
        "rendered": Array [
          Object {
            "instance": null,
            "key": undefined,
            "nodeType": "host",
            "props": Object {
              "children": Array [
                <a
                  className="rank-link"
                  href="#"
                  name="Rank"
                  onClick={[Function]}
                >
                  Rank
                </a>,
                <a
                  className="price-link"
                  href="#"
                  name="Price"
                  onClick={[Function]}
                >
                  Price
                </a>,
                <a
                  className="percent-change-link"
                  href="#"
                  name="%Change"
                  onClick={[Function]}
                >
                  %Change
                </a>,
              ],
              "className": "sort",
            },
            "ref": null,
            "rendered": Array [
              Object {
                "instance": null,
                "key": undefined,
                "nodeType": "host",
                "props": Object {
                  "children": "Rank",
                  "className": "rank-link",
                  "href": "#",
                  "name": "Rank",
                  "onClick": [Function],
                },
                "ref": null,
                "rendered": "Rank",
                "type": "a",
              },
              Object {
                "instance": null,
                "key": undefined,
                "nodeType": "host",
                "props": Object {
                  "children": "Price",
                  "className": "price-link",
                  "href": "#",
                  "name": "Price",
                  "onClick": [Function],
                },
                "ref": null,
                "rendered": "Price",
                "type": "a",
              },
              Object {
                "instance": null,
                "key": undefined,
                "nodeType": "host",
                "props": Object {
                  "children": "%Change",
                  "className": "percent-change-link",
                  "href": "#",
                  "name": "%Change",
                  "onClick": [Function],
                },
                "ref": null,
                "rendered": "%Change",
                "type": "a",
              },
            ],
            "type": "div",
          },
          Object {
            "instance": null,
            "key": "0",
            "nodeType": "class",
            "props": Object {
              "addToFavorites": [MockFunction],
              "currency": Object {
                "name": "Bitcoin",
                "percent_change": 0.83,
                "price": 3586.16,
                "rank": "1",
                "symbol": "BTC",
              },
              "index": 0,
            },
            "ref": null,
            "rendered": null,
            "type": [Function],
          },
          Object {
            "instance": null,
            "key": "1",
            "nodeType": "class",
            "props": Object {
              "addToFavorites": [MockFunction],
              "currency": Object {
                "name": "XRP",
                "percent_change": 3.94,
                "price": 0.33,
                "rank": "2",
                "symbol": "XRP",
              },
              "index": 1,
            },
            "ref": null,
            "rendered": null,
            "type": [Function],
          },
          Object {
            "instance": null,
            "key": "2",
            "nodeType": "class",
            "props": Object {
              "addToFavorites": [MockFunction],
              "currency": Object {
                "name": "Ethereum",
                "percent_change": 0.2,
                "price": 95.07,
                "rank": "3",
                "symbol": "ETH",
              },
              "index": 2,
            },
            "ref": null,
            "rendered": null,
            "type": [Function],
          },
          Object {
            "instance": null,
            "key": "3",
            "nodeType": "class",
            "props": Object {
              "addToFavorites": [MockFunction],
              "currency": Object {
                "name": "EOS",
                "percent_change": 6.87,
                "price": 2.54,
                "rank": "4",
                "symbol": "EOS",
              },
              "index": 3,
            },
            "ref": null,
            "rendered": null,
            "type": [Function],
          },
          Object {
            "instance": null,
            "key": "4",
            "nodeType": "class",
            "props": Object {
              "addToFavorites": [MockFunction],
              "currency": Object {
                "name": "Stellar",
                "percent_change": -0.58,
                "price": 0.11,
                "rank": "5",
                "symbol": "XLM",
              },
              "index": 4,
            },
            "ref": null,
            "rendered": null,
            "type": [Function],
          },
          Object {
            "instance": null,
            "key": "5",
            "nodeType": "class",
            "props": Object {
              "addToFavorites": [MockFunction],
              "currency": Object {
                "name": "Tether",
                "percent_change": -0.37,
                "price": 1.02,
                "rank": "6",
                "symbol": "USDT",
              },
              "index": 5,
            },
            "ref": null,
            "rendered": null,
            "type": [Function],
          },
          Object {
            "instance": null,
            "key": "6",
            "nodeType": "class",
            "props": Object {
              "addToFavorites": [MockFunction],
              "currency": Object {
                "name": "Bitcoin Cash",
                "percent_change": 12.32,
                "price": 100.65,
                "rank": "7",
                "symbol": "BCH",
              },
              "index": 6,
            },
            "ref": null,
            "rendered": null,
            "type": [Function],
          },
          Object {
            "instance": null,
            "key": "7",
            "nodeType": "class",
            "props": Object {
              "addToFavorites": [MockFunction],
              "currency": Object {
                "name": "Litecoin",
                "percent_change": -1.97,
                "price": 28.99,
                "rank": "8",
                "symbol": "LTC",
              },
              "index": 7,
            },
            "ref": null,
            "rendered": null,
            "type": [Function],
          },
          Object {
            "instance": null,
            "key": "8",
            "nodeType": "class",
            "props": Object {
              "addToFavorites": [MockFunction],
              "currency": Object {
                "name": "Bitcoin SV",
                "percent_change": -1.04,
                "price": 81.84,
                "rank": "9",
                "symbol": "BSV",
              },
              "index": 8,
            },
            "ref": null,
            "rendered": null,
            "type": [Function],
          },
          Object {
            "instance": null,
            "key": "9",
            "nodeType": "class",
            "props": Object {
              "addToFavorites": [MockFunction],
              "currency": Object {
                "name": "TRON",
                "percent_change": 0.17,
                "price": 0.01,
                "rank": "10",
                "symbol": "TRX",
              },
              "index": 9,
            },
            "ref": null,
            "rendered": null,
            "type": [Function],
          },
        ],
        "type": "div",
      },
      "type": "div",
    },
  ],
  Symbol(enzyme.__options__): Object {
    "adapter": ReactSixteenAdapter {
      "options": Object {
        "enableComponentDidUpdateOnSetState": true,
        "lifecycles": Object {
          "componentDidUpdate": Object {
            "onSetState": true,
          },
          "getDerivedStateFromProps": true,
          "getSnapshotBeforeUpdate": true,
          "setState": Object {
            "skipsComponentDidUpdateOnNullish": true,
          },
        },
      },
    },
  },
}
`;
