// Jest Snapshot v1, https://goo.gl/fbAQLP

exports[`App Component should match the snapshot 1`] = `
ShallowWrapper {
  Symbol(enzyme.__root__): [Circular],
  Symbol(enzyme.__unrendered__): <App />,
  Symbol(enzyme.__renderer__): Object {
    "batchedUpdates": [Function],
    "getNode": [Function],
    "render": [Function],
    "simulateError": [Function],
    "simulateEvent": [Function],
    "unmount": [Function],
  },
  Symbol(enzyme.__node__): Object {
    "instance": null,
    "key": undefined,
    "nodeType": "class",
    "props": Object {
      "children": <div
        className="App"
      >
        <Switch>
          <Route
            exact={true}
            path="/home"
            render={[Function]}
          />
          )}}
          <Route
            exact={true}
            path="/"
            render={[Function]}
          />
          <Route
            exact={true}
            path="/onboarding"
            render={[Function]}
          />
          <Route
            exact={true}
            path="/notes"
            render={[Function]}
          />
          <Route
            exact={true}
            path="/about"
            render={[Function]}
          />
          <Route
            exact={true}
            path="/notes"
            render={[Function]}
          />
        </Switch>
      </div>,
    },
    "ref": null,
    "rendered": Object {
      "instance": null,
      "key": undefined,
      "nodeType": "host",
      "props": Object {
        "children": Array [
          false,
          false,
          false,
          <Switch>
            <Route
              exact={true}
              path="/home"
              render={[Function]}
            />
            )}}
            <Route
              exact={true}
              path="/"
              render={[Function]}
            />
            <Route
              exact={true}
              path="/onboarding"
              render={[Function]}
            />
            <Route
              exact={true}
              path="/notes"
              render={[Function]}
            />
            <Route
              exact={true}
              path="/about"
              render={[Function]}
            />
            <Route
              exact={true}
              path="/notes"
              render={[Function]}
            />
          </Switch>,
        ],
        "className": "App",
      },
      "ref": null,
      "rendered": Array [
        false,
        false,
        false,
        Object {
          "instance": null,
          "key": undefined,
          "nodeType": "class",
          "props": Object {
            "children": Array [
              <Route
                exact={true}
                path="/home"
                render={[Function]}
              />,
              ")}}",
              <Route
                exact={true}
                path="/"
                render={[Function]}
              />,
              <Route
                exact={true}
                path="/onboarding"
                render={[Function]}
              />,
              <Route
                exact={true}
                path="/notes"
                render={[Function]}
              />,
              <Route
                exact={true}
                path="/about"
                render={[Function]}
              />,
              <Route
                exact={true}
                path="/notes"
                render={[Function]}
              />,
            ],
          },
          "ref": null,
          "rendered": Array [
            Object {
              "instance": null,
              "key": undefined,
              "nodeType": "class",
              "props": Object {
                "exact": true,
                "path": "/home",
                "render": [Function],
              },
              "ref": null,
              "rendered": null,
              "type": [Function],
            },
            ")}}",
            Object {
              "instance": null,
              "key": undefined,
              "nodeType": "class",
              "props": Object {
                "exact": true,
                "path": "/",
                "render": [Function],
              },
              "ref": null,
              "rendered": null,
              "type": [Function],
            },
            Object {
              "instance": null,
              "key": undefined,
              "nodeType": "class",
              "props": Object {
                "exact": true,
                "path": "/onboarding",
                "render": [Function],
              },
              "ref": null,
              "rendered": null,
              "type": [Function],
            },
            Object {
              "instance": null,
              "key": undefined,
              "nodeType": "class",
              "props": Object {
                "exact": true,
                "path": "/notes",
                "render": [Function],
              },
              "ref": null,
              "rendered": null,
              "type": [Function],
            },
            Object {
              "instance": null,
              "key": undefined,
              "nodeType": "class",
              "props": Object {
                "exact": true,
                "path": "/about",
                "render": [Function],
              },
              "ref": null,
              "rendered": null,
              "type": [Function],
            },
            Object {
              "instance": null,
              "key": undefined,
              "nodeType": "class",
              "props": Object {
                "exact": true,
                "path": "/notes",
                "render": [Function],
              },
              "ref": null,
              "rendered": null,
              "type": [Function],
            },
          ],
          "type": [Function],
        },
      ],
      "type": "div",
    },
    "type": [Function],
  },
  Symbol(enzyme.__nodes__): Array [
    Object {
      "instance": null,
      "key": undefined,
      "nodeType": "class",
      "props": Object {
        "children": <div
          className="App"
        >
          <Switch>
            <Route
              exact={true}
              path="/home"
              render={[Function]}
            />
            )}}
            <Route
              exact={true}
              path="/"
              render={[Function]}
            />
            <Route
              exact={true}
              path="/onboarding"
              render={[Function]}
            />
            <Route
              exact={true}
              path="/notes"
              render={[Function]}
            />
            <Route
              exact={true}
              path="/about"
              render={[Function]}
            />
            <Route
              exact={true}
              path="/notes"
              render={[Function]}
            />
          </Switch>
        </div>,
      },
      "ref": null,
      "rendered": Object {
        "instance": null,
        "key": undefined,
        "nodeType": "host",
        "props": Object {
          "children": Array [
            false,
            false,
            false,
            <Switch>
              <Route
                exact={true}
                path="/home"
                render={[Function]}
              />
              )}}
              <Route
                exact={true}
                path="/"
                render={[Function]}
              />
              <Route
                exact={true}
                path="/onboarding"
                render={[Function]}
              />
              <Route
                exact={true}
                path="/notes"
                render={[Function]}
              />
              <Route
                exact={true}
                path="/about"
                render={[Function]}
              />
              <Route
                exact={true}
                path="/notes"
                render={[Function]}
              />
            </Switch>,
          ],
          "className": "App",
        },
        "ref": null,
        "rendered": Array [
          false,
          false,
          false,
          Object {
            "instance": null,
            "key": undefined,
            "nodeType": "class",
            "props": Object {
              "children": Array [
                <Route
                  exact={true}
                  path="/home"
                  render={[Function]}
                />,
                ")}}",
                <Route
                  exact={true}
                  path="/"
                  render={[Function]}
                />,
                <Route
                  exact={true}
                  path="/onboarding"
                  render={[Function]}
                />,
                <Route
                  exact={true}
                  path="/notes"
                  render={[Function]}
                />,
                <Route
                  exact={true}
                  path="/about"
                  render={[Function]}
                />,
                <Route
                  exact={true}
                  path="/notes"
                  render={[Function]}
                />,
              ],
            },
            "ref": null,
            "rendered": Array [
              Object {
                "instance": null,
                "key": undefined,
                "nodeType": "class",
                "props": Object {
                  "exact": true,
                  "path": "/home",
                  "render": [Function],
                },
                "ref": null,
                "rendered": null,
                "type": [Function],
              },
              ")}}",
              Object {
                "instance": null,
                "key": undefined,
                "nodeType": "class",
                "props": Object {
                  "exact": true,
                  "path": "/",
                  "render": [Function],
                },
                "ref": null,
                "rendered": null,
                "type": [Function],
              },
              Object {
                "instance": null,
                "key": undefined,
                "nodeType": "class",
                "props": Object {
                  "exact": true,
                  "path": "/onboarding",
                  "render": [Function],
                },
                "ref": null,
                "rendered": null,
                "type": [Function],
              },
              Object {
                "instance": null,
                "key": undefined,
                "nodeType": "class",
                "props": Object {
                  "exact": true,
                  "path": "/notes",
                  "render": [Function],
                },
                "ref": null,
                "rendered": null,
                "type": [Function],
              },
              Object {
                "instance": null,
                "key": undefined,
                "nodeType": "class",
                "props": Object {
                  "exact": true,
                  "path": "/about",
                  "render": [Function],
                },
                "ref": null,
                "rendered": null,
                "type": [Function],
              },
              Object {
                "instance": null,
                "key": undefined,
                "nodeType": "class",
                "props": Object {
                  "exact": true,
                  "path": "/notes",
                  "render": [Function],
                },
                "ref": null,
                "rendered": null,
                "type": [Function],
              },
            ],
            "type": [Function],
          },
        ],
        "type": "div",
      },
      "type": [Function],
    },
  ],
  Symbol(enzyme.__options__): Object {
    "adapter": ReactSixteenAdapter {
      "options": Object {
        "enableComponentDidUpdateOnSetState": true,
        "lifecycles": Object {
          "componentDidUpdate": Object {
            "onSetState": true,
          },
          "getDerivedStateFromProps": true,
          "getSnapshotBeforeUpdate": true,
          "setState": Object {
            "skipsComponentDidUpdateOnNullish": true,
          },
        },
      },
    },
  },
}
`;
